// Jest Snapshot v1, https://goo.gl/fbAQLP

exports[`Reactions Component Should render without errors 1`] = `
<div
  className="action md:flex-col px-5 share-section md:fixed left-0 top-1/2 mb-8 z-10"
>
  <div
    className="sm:flex md:flex-col md:py-12 px-2"
  >
    <div
      className="md:flex-col text-center m-2"
    >
      <div
        className="flex mx-auto justify-center items-center rounded-full cursor-pointer icons w-10 h-10 bg-white"
      >
        <likeIcon />
      </div>
      <p
        className="text-sm mx-auto text-gray-600"
      >
        5
      </p>
    </div>
    <div
      className="md:flex-col text-center m-2"
    >
      <div
        className="flex mx-auto justify-center items-center rounded-full cursor-pointer icons w-10 h-10 bg-white"
      >
        <disLike />
      </div>
      <p
        className="text-sm mx-auto text-gray-600"
      >
        3
      </p>
    </div>
    <div
      className="md:flex-col text-center m-2"
    >
      <div
        className="flex mx-auto justify-center items-center rounded-full cursor-pointer icons w-10 h-10 bg-white"
      >
        <img
          alt="Comment"
          className="cursor-pointer h-4 w-5"
          src="test-file-stub"
        />
      </div>
      <p
        className="text-sm mx-auto text-gray-600"
      />
    </div>
    <div
      className="sm:mt-4 sm:ml-5 md:ml-0 md:flex-col text-center"
    >
      <div
        className="flex mx-auto justify-center items-center cursor-pointer"
      />
    </div>
  </div>
</div>
`;
