// Jest Snapshot v1, https://goo.gl/fbAQLP

exports[`Reactions Component Should render without errors 1`] = `
<div
  className="action share-section"
>
  <div
    className="action-con"
  >
    <div
      className="like-section"
    >
      <button
        className="icons like-icon "
        onClick={[Function]}
      >
        <likeIcon />
      </button>
      <p
        className="like-count"
      >
        0
      </p>
    </div>
    <div
      className="dislike-section"
    >
      <button
        className="icons dislike-icon "
        onClick={[Function]}
      >
        <disLike />
      </button>
      <p
        className="dislike-count"
      >
        0
      </p>
    </div>
    <div
      className="comment-section"
    >
      <button
        className="comment-icon icons"
      >
        <img
          alt="Comment"
          className="comment-img"
          src="test-file-stub"
        />
      </button>
      <p
        className="text-sm mx-auto text-gray-600"
      />
    </div>
    <div
      className="bookmark-section"
    >
      <button
        className="bookmark-icon"
      />
    </div>
  </div>
</div>
`;
