// Jest Snapshot v1, https://goo.gl/fbAQLP

exports[`Auth Action sign up user actions 1`] = `
Array [
  Object {
    "type": "CLEAN_UP",
  },
  Object {
    "payload": Object {
      "isSubmit": true,
    },
    "type": "SIGNUP",
  },
  Object {
    "payload": Object {
      "config": Object {
        "adapter": [Function],
        "data": "{\\"firstName\\":\\"frank\\",\\"lastName\\":\\"angle\\",\\"username\\":\\"agnfr\\",\\"email\\":\\"frank@me.com\\",\\"password\\":\\"12345678\\"}",
        "headers": Object {
          "Accept": "application/json, text/plain, */*",
          "Content-Length": 104,
          "Content-Type": "application/json;charset=utf-8",
          "User-Agent": "axios/0.19.0",
        },
        "maxContentLength": -1,
        "method": "post",
        "timeout": 0,
        "transformRequest": Array [
          [Function],
        ],
        "transformResponse": Array [
          [Function],
        ],
        "url": "undefined/api/v1/users/signup",
        "validateStatus": [Function],
        "xsrfCookieName": "XSRF-TOKEN",
        "xsrfHeaderName": "X-XSRF-TOKEN",
      },
      "data": "<!DOCTYPE HTML PUBLIC \\"-//IETF//DTD HTML 2.0//EN\\">
<html><head>
<title>400 Bad Request</title>
</head><body>
<h1>Bad Request</h1>
<p>Your browser sent a request that this server could not understand.<br />
</p>
</body></html>
",
      "headers": Object {
        "connection": "close",
        "content-length": "226",
        "content-type": "text/html; charset=iso-8859-1",
        "date": "Fri, 02 Aug 2019 07:57:53 GMT",
        "server": "Apache/2.4.34 (Unix)",
      },
      "request": ClientRequest {
        "_contentLength": null,
        "_ended": true,
        "_events": Object {
          "abort": [Function],
          "aborted": [Function],
          "error": [Function],
          "prefinish": [Function],
          "socket": [Function],
          "timeout": [Function],
        },
        "_eventsCount": 6,
        "_hasBody": true,
        "_header": "POST undefined/api/v1/users/signup HTTP/1.1
Accept: application/json, text/plain, */*
Content-Type: application/json;charset=utf-8
User-Agent: axios/0.19.0
Content-Length: 104
Host: localhost
Connection: close

",
        "_headerSent": true,
        "_last": true,
        "_maxListeners": undefined,
        "_onPendingData": [Function],
        "_redirectable": Writable {
          "_currentRequest": [Circular],
          "_currentUrl": "http://localhost:80/undefined/api/v1/users/signup",
          "_events": Object {
            "error": [Function],
            "response": [Function],
          },
          "_eventsCount": 2,
          "_maxListeners": undefined,
          "_onNativeResponse": [Function],
          "_options": Object {
            "agent": undefined,
            "auth": undefined,
            "headers": Object {
              "Accept": "application/json, text/plain, */*",
              "Content-Length": 104,
              "Content-Type": "application/json;charset=utf-8",
              "User-Agent": "axios/0.19.0",
            },
            "host": "localhost:80",
            "hostname": "localhost",
            "maxBodyLength": 10485760,
            "maxRedirects": 21,
            "method": "POST",
            "nativeProtocols": Object {
              "http:": Object {
                "Agent": [Function],
                "ClientRequest": [Function],
                "IncomingMessage": [Function],
                "METHODS": Array [
                  "ACL",
                  "BIND",
                  "CHECKOUT",
                  "CONNECT",
                  "COPY",
                  "DELETE",
                  "GET",
                  "HEAD",
                  "LINK",
                  "LOCK",
                  "M-SEARCH",
                  "MERGE",
                  "MKACTIVITY",
                  "MKCALENDAR",
                  "MKCOL",
                  "MOVE",
                  "NOTIFY",
                  "OPTIONS",
                  "PATCH",
                  "POST",
                  "PROPFIND",
                  "PROPPATCH",
                  "PURGE",
                  "PUT",
                  "REBIND",
                  "REPORT",
                  "SEARCH",
                  "SOURCE",
                  "SUBSCRIBE",
                  "TRACE",
                  "UNBIND",
                  "UNLINK",
                  "UNLOCK",
                  "UNSUBSCRIBE",
                ],
                "OutgoingMessage": [Function],
                "STATUS_CODES": Object {
                  "100": "Continue",
                  "101": "Switching Protocols",
                  "102": "Processing",
                  "103": "Early Hints",
                  "200": "OK",
                  "201": "Created",
                  "202": "Accepted",
                  "203": "Non-Authoritative Information",
                  "204": "No Content",
                  "205": "Reset Content",
                  "206": "Partial Content",
                  "207": "Multi-Status",
                  "208": "Already Reported",
                  "226": "IM Used",
                  "300": "Multiple Choices",
                  "301": "Moved Permanently",
                  "302": "Found",
                  "303": "See Other",
                  "304": "Not Modified",
                  "305": "Use Proxy",
                  "307": "Temporary Redirect",
                  "308": "Permanent Redirect",
                  "400": "Bad Request",
                  "401": "Unauthorized",
                  "402": "Payment Required",
                  "403": "Forbidden",
                  "404": "Not Found",
                  "405": "Method Not Allowed",
                  "406": "Not Acceptable",
                  "407": "Proxy Authentication Required",
                  "408": "Request Timeout",
                  "409": "Conflict",
                  "410": "Gone",
                  "411": "Length Required",
                  "412": "Precondition Failed",
                  "413": "Payload Too Large",
                  "414": "URI Too Long",
                  "415": "Unsupported Media Type",
                  "416": "Range Not Satisfiable",
                  "417": "Expectation Failed",
                  "418": "I'm a Teapot",
                  "421": "Misdirected Request",
                  "422": "Unprocessable Entity",
                  "423": "Locked",
                  "424": "Failed Dependency",
                  "425": "Unordered Collection",
                  "426": "Upgrade Required",
                  "428": "Precondition Required",
                  "429": "Too Many Requests",
                  "431": "Request Header Fields Too Large",
                  "451": "Unavailable For Legal Reasons",
                  "500": "Internal Server Error",
                  "501": "Not Implemented",
                  "502": "Bad Gateway",
                  "503": "Service Unavailable",
                  "504": "Gateway Timeout",
                  "505": "HTTP Version Not Supported",
                  "506": "Variant Also Negotiates",
                  "507": "Insufficient Storage",
                  "508": "Loop Detected",
                  "509": "Bandwidth Limit Exceeded",
                  "510": "Not Extended",
                  "511": "Network Authentication Required",
                },
                "Server": [Function],
                "ServerResponse": [Function],
                "_connectionListener": [Function],
                "createServer": [Function],
                "get": [Function],
                "globalAgent": Agent {
                  "_events": Object {
                    "free": [Function],
                  },
                  "_eventsCount": 1,
                  "_maxListeners": undefined,
                  "defaultPort": 80,
                  "freeSockets": Object {},
                  "keepAlive": false,
                  "keepAliveMsecs": 1000,
                  "maxFreeSockets": 256,
                  "maxSockets": Infinity,
                  "options": Object {
                    "path": null,
                  },
                  "protocol": "http:",
                  "requests": Object {},
                  "sockets": Object {
                    "localhost:80:": Array [
                      Socket {
                        "_events": Object {
                          "agentRemove": [Function],
                          "close": Array [
                            [Function],
                            [Function],
                          ],
                          "drain": [Function],
                          "end": [Function],
                          "error": [Function],
                          "finish": [Function],
                          "free": [Function],
                        },
                        "_eventsCount": 7,
                        "_hadError": false,
                        "_handle": TCP {
                          "onconnection": null,
                          "onread": [Function],
                          "reading": true,
                          Symbol(owner): [Circular],
                        },
                        "_host": "localhost",
                        "_httpMessage": [Circular],
                        "_maxListeners": undefined,
                        "_parent": null,
                        "_pendingData": null,
                        "_pendingEncoding": "",
                        "_readableState": ReadableState {
                          "autoDestroy": false,
                          "awaitDrain": 0,
                          "buffer": BufferList {
                            "head": null,
                            "length": 0,
                            "tail": null,
                          },
                          "decoder": null,
                          "defaultEncoding": "utf8",
                          "destroyed": false,
                          "emitClose": false,
                          "emittedReadable": false,
                          "encoding": null,
                          "endEmitted": false,
                          "ended": false,
                          "flowing": true,
                          "highWaterMark": 16384,
                          "length": 0,
                          "needReadable": true,
                          "objectMode": false,
                          "paused": false,
                          "pipes": null,
                          "pipesCount": 0,
                          "readableListening": false,
                          "reading": true,
                          "readingMore": false,
                          "resumeScheduled": false,
                          "sync": false,
                        },
                        "_server": null,
                        "_sockname": null,
                        "_writableState": WritableState {
                          "autoDestroy": false,
                          "bufferProcessing": false,
                          "bufferedRequest": null,
                          "bufferedRequestCount": 0,
                          "corked": 0,
                          "corkedRequestsFree": Object {
                            "entry": null,
                            "finish": [Function],
                            "next": Object {
                              "entry": null,
                              "finish": [Function],
                              "next": null,
                            },
                          },
                          "decodeStrings": false,
                          "defaultEncoding": "utf8",
                          "destroyed": false,
                          "emitClose": false,
                          "ended": true,
                          "ending": true,
                          "errorEmitted": false,
                          "finalCalled": true,
                          "finished": false,
                          "highWaterMark": 16384,
                          "lastBufferedRequest": null,
                          "length": 0,
                          "needDrain": false,
                          "objectMode": false,
                          "onwrite": [Function],
                          "pendingcb": 1,
                          "prefinished": false,
                          "sync": false,
                          "writecb": null,
                          "writelen": 0,
                          "writing": false,
                        },
                        "allowHalfOpen": false,
                        "connecting": false,
                        "parser": null,
                        "readable": true,
                        "server": null,
                        "writable": false,
                        Symbol(asyncId): 40,
                        Symbol(lastWriteQueueSize): 0,
                        Symbol(timeout): null,
                        Symbol(kBytesRead): 0,
                        Symbol(kBytesWritten): 0,
                      },
                    ],
                  },
                },
                "maxHeaderSize": 8192,
                "request": [Function],
              },
              "https:": Object {
                "Agent": [Function],
                "Server": [Function],
                "createServer": [Function],
                "get": [Function],
                "globalAgent": Agent {
                  "_events": Object {
                    "free": [Function],
                  },
                  "_eventsCount": 1,
                  "_maxListeners": undefined,
                  "_sessionCache": Object {
                    "list": Array [],
                    "map": Object {},
                  },
                  "defaultPort": 443,
                  "freeSockets": Object {},
                  "keepAlive": false,
                  "keepAliveMsecs": 1000,
                  "maxCachedSessions": 100,
                  "maxFreeSockets": 256,
                  "maxSockets": Infinity,
                  "options": Object {
                    "path": null,
                  },
                  "protocol": "https:",
                  "requests": Object {},
                  "sockets": Object {},
                },
                "request": [Function],
              },
            },
            "path": "undefined/api/v1/users/signup",
            "pathname": "undefined/api/v1/users/signup",
            "port": 80,
            "proto": "http",
            "protocol": "http:",
          },
          "_redirectCount": 0,
          "_redirects": Array [],
          "_requestBodyBuffers": Array [],
          "_requestBodyLength": 104,
          "_writableState": WritableState {
            "autoDestroy": false,
            "bufferProcessing": false,
            "bufferedRequest": null,
            "bufferedRequestCount": 0,
            "corked": 0,
            "corkedRequestsFree": Object {
              "entry": null,
              "finish": [Function],
              "next": null,
            },
            "decodeStrings": true,
            "defaultEncoding": "utf8",
            "destroyed": false,
            "emitClose": true,
            "ended": false,
            "ending": false,
            "errorEmitted": false,
            "finalCalled": false,
            "finished": false,
            "highWaterMark": 16384,
            "lastBufferedRequest": null,
            "length": 0,
            "needDrain": false,
            "objectMode": false,
            "onwrite": [Function],
            "pendingcb": 0,
            "prefinished": false,
            "sync": true,
            "writecb": null,
            "writelen": 0,
            "writing": false,
          },
          "writable": true,
        },
        "_removedConnection": false,
        "_removedContLen": false,
        "_removedTE": false,
        "_trailer": "",
        "aborted": undefined,
        "agent": Agent {
          "_events": Object {
            "free": [Function],
          },
          "_eventsCount": 1,
          "_maxListeners": undefined,
          "defaultPort": 80,
          "freeSockets": Object {},
          "keepAlive": false,
          "keepAliveMsecs": 1000,
          "maxFreeSockets": 256,
          "maxSockets": Infinity,
          "options": Object {
            "path": null,
          },
          "protocol": "http:",
          "requests": Object {},
          "sockets": Object {
            "localhost:80:": Array [
              Socket {
                "_events": Object {
                  "agentRemove": [Function],
                  "close": Array [
                    [Function],
                    [Function],
                  ],
                  "drain": [Function],
                  "end": [Function],
                  "error": [Function],
                  "finish": [Function],
                  "free": [Function],
                },
                "_eventsCount": 7,
                "_hadError": false,
                "_handle": TCP {
                  "onconnection": null,
                  "onread": [Function],
                  "reading": true,
                  Symbol(owner): [Circular],
                },
                "_host": "localhost",
                "_httpMessage": [Circular],
                "_maxListeners": undefined,
                "_parent": null,
                "_pendingData": null,
                "_pendingEncoding": "",
                "_readableState": ReadableState {
                  "autoDestroy": false,
                  "awaitDrain": 0,
                  "buffer": BufferList {
                    "head": null,
                    "length": 0,
                    "tail": null,
                  },
                  "decoder": null,
                  "defaultEncoding": "utf8",
                  "destroyed": false,
                  "emitClose": false,
                  "emittedReadable": false,
                  "encoding": null,
                  "endEmitted": false,
                  "ended": false,
                  "flowing": true,
                  "highWaterMark": 16384,
                  "length": 0,
                  "needReadable": true,
                  "objectMode": false,
                  "paused": false,
                  "pipes": null,
                  "pipesCount": 0,
                  "readableListening": false,
                  "reading": true,
                  "readingMore": false,
                  "resumeScheduled": false,
                  "sync": false,
                },
                "_server": null,
                "_sockname": null,
                "_writableState": WritableState {
                  "autoDestroy": false,
                  "bufferProcessing": false,
                  "bufferedRequest": null,
                  "bufferedRequestCount": 0,
                  "corked": 0,
                  "corkedRequestsFree": Object {
                    "entry": null,
                    "finish": [Function],
                    "next": Object {
                      "entry": null,
                      "finish": [Function],
                      "next": null,
                    },
                  },
                  "decodeStrings": false,
                  "defaultEncoding": "utf8",
                  "destroyed": false,
                  "emitClose": false,
                  "ended": true,
                  "ending": true,
                  "errorEmitted": false,
                  "finalCalled": true,
                  "finished": false,
                  "highWaterMark": 16384,
                  "lastBufferedRequest": null,
                  "length": 0,
                  "needDrain": false,
                  "objectMode": false,
                  "onwrite": [Function],
                  "pendingcb": 1,
                  "prefinished": false,
                  "sync": false,
                  "writecb": null,
                  "writelen": 0,
                  "writing": false,
                },
                "allowHalfOpen": false,
                "connecting": false,
                "parser": null,
                "readable": true,
                "server": null,
                "writable": false,
                Symbol(asyncId): 40,
                Symbol(lastWriteQueueSize): 0,
                Symbol(timeout): null,
                Symbol(kBytesRead): 0,
                Symbol(kBytesWritten): 0,
              },
            ],
          },
        },
        "chunkedEncoding": false,
        "connection": Socket {
          "_events": Object {
            "agentRemove": [Function],
            "close": Array [
              [Function],
              [Function],
            ],
            "drain": [Function],
            "end": [Function],
            "error": [Function],
            "finish": [Function],
            "free": [Function],
          },
          "_eventsCount": 7,
          "_hadError": false,
          "_handle": TCP {
            "onconnection": null,
            "onread": [Function],
            "reading": true,
            Symbol(owner): [Circular],
          },
          "_host": "localhost",
          "_httpMessage": [Circular],
          "_maxListeners": undefined,
          "_parent": null,
          "_pendingData": null,
          "_pendingEncoding": "",
          "_readableState": ReadableState {
            "autoDestroy": false,
            "awaitDrain": 0,
            "buffer": BufferList {
              "head": null,
              "length": 0,
              "tail": null,
            },
            "decoder": null,
            "defaultEncoding": "utf8",
            "destroyed": false,
            "emitClose": false,
            "emittedReadable": false,
            "encoding": null,
            "endEmitted": false,
            "ended": false,
            "flowing": true,
            "highWaterMark": 16384,
            "length": 0,
            "needReadable": true,
            "objectMode": false,
            "paused": false,
            "pipes": null,
            "pipesCount": 0,
            "readableListening": false,
            "reading": true,
            "readingMore": false,
            "resumeScheduled": false,
            "sync": false,
          },
          "_server": null,
          "_sockname": null,
          "_writableState": WritableState {
            "autoDestroy": false,
            "bufferProcessing": false,
            "bufferedRequest": null,
            "bufferedRequestCount": 0,
            "corked": 0,
            "corkedRequestsFree": Object {
              "entry": null,
              "finish": [Function],
              "next": Object {
                "entry": null,
                "finish": [Function],
                "next": null,
              },
            },
            "decodeStrings": false,
            "defaultEncoding": "utf8",
            "destroyed": false,
            "emitClose": false,
            "ended": true,
            "ending": true,
            "errorEmitted": false,
            "finalCalled": true,
            "finished": false,
            "highWaterMark": 16384,
            "lastBufferedRequest": null,
            "length": 0,
            "needDrain": false,
            "objectMode": false,
            "onwrite": [Function],
            "pendingcb": 1,
            "prefinished": false,
            "sync": false,
            "writecb": null,
            "writelen": 0,
            "writing": false,
          },
          "allowHalfOpen": false,
          "connecting": false,
          "parser": null,
          "readable": true,
          "server": null,
          "writable": false,
          Symbol(asyncId): 40,
          Symbol(lastWriteQueueSize): 0,
          Symbol(timeout): null,
          Symbol(kBytesRead): 0,
          Symbol(kBytesWritten): 0,
        },
        "finished": true,
        "maxHeadersCount": null,
        "method": "POST",
        "output": Array [],
        "outputCallbacks": Array [],
        "outputEncodings": Array [],
        "outputSize": 0,
        "parser": null,
        "path": "undefined/api/v1/users/signup",
        "res": IncomingMessage {
          "_consuming": false,
          "_dumped": false,
          "_events": Object {
            "data": [Function],
            "end": Array [
              [Function],
              [Function],
            ],
            "error": [Function],
          },
          "_eventsCount": 3,
          "_maxListeners": undefined,
          "_readableState": ReadableState {
            "autoDestroy": false,
            "awaitDrain": 0,
            "buffer": BufferList {
              "head": null,
              "length": 0,
              "tail": null,
            },
            "decoder": null,
            "defaultEncoding": "utf8",
            "destroyed": false,
            "emitClose": true,
            "emittedReadable": false,
            "encoding": null,
            "endEmitted": true,
            "ended": true,
            "flowing": true,
            "highWaterMark": 16384,
            "length": 0,
            "needReadable": false,
            "objectMode": false,
            "paused": false,
            "pipes": null,
            "pipesCount": 0,
            "readableListening": false,
            "reading": false,
            "readingMore": true,
            "resumeScheduled": false,
            "sync": true,
          },
          "aborted": false,
          "client": Socket {
            "_events": Object {
              "agentRemove": [Function],
              "close": Array [
                [Function],
                [Function],
              ],
              "drain": [Function],
              "end": [Function],
              "error": [Function],
              "finish": [Function],
              "free": [Function],
            },
            "_eventsCount": 7,
            "_hadError": false,
            "_handle": TCP {
              "onconnection": null,
              "onread": [Function],
              "reading": true,
              Symbol(owner): [Circular],
            },
            "_host": "localhost",
            "_httpMessage": [Circular],
            "_maxListeners": undefined,
            "_parent": null,
            "_pendingData": null,
            "_pendingEncoding": "",
            "_readableState": ReadableState {
              "autoDestroy": false,
              "awaitDrain": 0,
              "buffer": BufferList {
                "head": null,
                "length": 0,
                "tail": null,
              },
              "decoder": null,
              "defaultEncoding": "utf8",
              "destroyed": false,
              "emitClose": false,
              "emittedReadable": false,
              "encoding": null,
              "endEmitted": false,
              "ended": false,
              "flowing": true,
              "highWaterMark": 16384,
              "length": 0,
              "needReadable": true,
              "objectMode": false,
              "paused": false,
              "pipes": null,
              "pipesCount": 0,
              "readableListening": false,
              "reading": true,
              "readingMore": false,
              "resumeScheduled": false,
              "sync": false,
            },
            "_server": null,
            "_sockname": null,
            "_writableState": WritableState {
              "autoDestroy": false,
              "bufferProcessing": false,
              "bufferedRequest": null,
              "bufferedRequestCount": 0,
              "corked": 0,
              "corkedRequestsFree": Object {
                "entry": null,
                "finish": [Function],
                "next": Object {
                  "entry": null,
                  "finish": [Function],
                  "next": null,
                },
              },
              "decodeStrings": false,
              "defaultEncoding": "utf8",
              "destroyed": false,
              "emitClose": false,
              "ended": true,
              "ending": true,
              "errorEmitted": false,
              "finalCalled": true,
              "finished": false,
              "highWaterMark": 16384,
              "lastBufferedRequest": null,
              "length": 0,
              "needDrain": false,
              "objectMode": false,
              "onwrite": [Function],
              "pendingcb": 1,
              "prefinished": false,
              "sync": false,
              "writecb": null,
              "writelen": 0,
              "writing": false,
            },
            "allowHalfOpen": false,
            "connecting": false,
            "parser": null,
            "readable": true,
            "server": null,
            "writable": false,
            Symbol(asyncId): 40,
            Symbol(lastWriteQueueSize): 0,
            Symbol(timeout): null,
            Symbol(kBytesRead): 0,
            Symbol(kBytesWritten): 0,
          },
          "complete": true,
          "connection": Socket {
            "_events": Object {
              "agentRemove": [Function],
              "close": Array [
                [Function],
                [Function],
              ],
              "drain": [Function],
              "end": [Function],
              "error": [Function],
              "finish": [Function],
              "free": [Function],
            },
            "_eventsCount": 7,
            "_hadError": false,
            "_handle": TCP {
              "onconnection": null,
              "onread": [Function],
              "reading": true,
              Symbol(owner): [Circular],
            },
            "_host": "localhost",
            "_httpMessage": [Circular],
            "_maxListeners": undefined,
            "_parent": null,
            "_pendingData": null,
            "_pendingEncoding": "",
            "_readableState": ReadableState {
              "autoDestroy": false,
              "awaitDrain": 0,
              "buffer": BufferList {
                "head": null,
                "length": 0,
                "tail": null,
              },
              "decoder": null,
              "defaultEncoding": "utf8",
              "destroyed": false,
              "emitClose": false,
              "emittedReadable": false,
              "encoding": null,
              "endEmitted": false,
              "ended": false,
              "flowing": true,
              "highWaterMark": 16384,
              "length": 0,
              "needReadable": true,
              "objectMode": false,
              "paused": false,
              "pipes": null,
              "pipesCount": 0,
              "readableListening": false,
              "reading": true,
              "readingMore": false,
              "resumeScheduled": false,
              "sync": false,
            },
            "_server": null,
            "_sockname": null,
            "_writableState": WritableState {
              "autoDestroy": false,
              "bufferProcessing": false,
              "bufferedRequest": null,
              "bufferedRequestCount": 0,
              "corked": 0,
              "corkedRequestsFree": Object {
                "entry": null,
                "finish": [Function],
                "next": Object {
                  "entry": null,
                  "finish": [Function],
                  "next": null,
                },
              },
              "decodeStrings": false,
              "defaultEncoding": "utf8",
              "destroyed": false,
              "emitClose": false,
              "ended": true,
              "ending": true,
              "errorEmitted": false,
              "finalCalled": true,
              "finished": false,
              "highWaterMark": 16384,
              "lastBufferedRequest": null,
              "length": 0,
              "needDrain": false,
              "objectMode": false,
              "onwrite": [Function],
              "pendingcb": 1,
              "prefinished": false,
              "sync": false,
              "writecb": null,
              "writelen": 0,
              "writing": false,
            },
            "allowHalfOpen": false,
            "connecting": false,
            "parser": null,
            "readable": true,
            "server": null,
            "writable": false,
            Symbol(asyncId): 40,
            Symbol(lastWriteQueueSize): 0,
            Symbol(timeout): null,
            Symbol(kBytesRead): 0,
            Symbol(kBytesWritten): 0,
          },
          "headers": Object {
            "connection": "close",
            "content-length": "226",
            "content-type": "text/html; charset=iso-8859-1",
            "date": "Fri, 02 Aug 2019 07:57:53 GMT",
            "server": "Apache/2.4.34 (Unix)",
          },
          "httpVersion": "1.1",
          "httpVersionMajor": 1,
          "httpVersionMinor": 1,
          "method": null,
          "rawHeaders": Array [
            "Date",
            "Fri, 02 Aug 2019 07:57:53 GMT",
            "Server",
            "Apache/2.4.34 (Unix)",
            "Content-Length",
            "226",
            "Connection",
            "close",
            "Content-Type",
            "text/html; charset=iso-8859-1",
          ],
          "rawTrailers": Array [],
          "readable": false,
          "redirects": Array [],
          "req": [Circular],
          "responseUrl": "http://localhost:80/undefined/api/v1/users/signup",
          "socket": Socket {
            "_events": Object {
              "agentRemove": [Function],
              "close": Array [
                [Function],
                [Function],
              ],
              "drain": [Function],
              "end": [Function],
              "error": [Function],
              "finish": [Function],
              "free": [Function],
            },
            "_eventsCount": 7,
            "_hadError": false,
            "_handle": TCP {
              "onconnection": null,
              "onread": [Function],
              "reading": true,
              Symbol(owner): [Circular],
            },
            "_host": "localhost",
            "_httpMessage": [Circular],
            "_maxListeners": undefined,
            "_parent": null,
            "_pendingData": null,
            "_pendingEncoding": "",
            "_readableState": ReadableState {
              "autoDestroy": false,
              "awaitDrain": 0,
              "buffer": BufferList {
                "head": null,
                "length": 0,
                "tail": null,
              },
              "decoder": null,
              "defaultEncoding": "utf8",
              "destroyed": false,
              "emitClose": false,
              "emittedReadable": false,
              "encoding": null,
              "endEmitted": false,
              "ended": false,
              "flowing": true,
              "highWaterMark": 16384,
              "length": 0,
              "needReadable": true,
              "objectMode": false,
              "paused": false,
              "pipes": null,
              "pipesCount": 0,
              "readableListening": false,
              "reading": true,
              "readingMore": false,
              "resumeScheduled": false,
              "sync": false,
            },
            "_server": null,
            "_sockname": null,
            "_writableState": WritableState {
              "autoDestroy": false,
              "bufferProcessing": false,
              "bufferedRequest": null,
              "bufferedRequestCount": 0,
              "corked": 0,
              "corkedRequestsFree": Object {
                "entry": null,
                "finish": [Function],
                "next": Object {
                  "entry": null,
                  "finish": [Function],
                  "next": null,
                },
              },
              "decodeStrings": false,
              "defaultEncoding": "utf8",
              "destroyed": false,
              "emitClose": false,
              "ended": true,
              "ending": true,
              "errorEmitted": false,
              "finalCalled": true,
              "finished": false,
              "highWaterMark": 16384,
              "lastBufferedRequest": null,
              "length": 0,
              "needDrain": false,
              "objectMode": false,
              "onwrite": [Function],
              "pendingcb": 1,
              "prefinished": false,
              "sync": false,
              "writecb": null,
              "writelen": 0,
              "writing": false,
            },
            "allowHalfOpen": false,
            "connecting": false,
            "parser": null,
            "readable": true,
            "server": null,
            "writable": false,
            Symbol(asyncId): 40,
            Symbol(lastWriteQueueSize): 0,
            Symbol(timeout): null,
            Symbol(kBytesRead): 0,
            Symbol(kBytesWritten): 0,
          },
          "statusCode": 400,
          "statusMessage": "Bad Request",
          "trailers": Object {},
          "upgrade": false,
          "url": "",
        },
        "sendDate": false,
        "shouldKeepAlive": false,
        "socket": Socket {
          "_events": Object {
            "agentRemove": [Function],
            "close": Array [
              [Function],
              [Function],
            ],
            "drain": [Function],
            "end": [Function],
            "error": [Function],
            "finish": [Function],
            "free": [Function],
          },
          "_eventsCount": 7,
          "_hadError": false,
          "_handle": TCP {
            "onconnection": null,
            "onread": [Function],
            "reading": true,
            Symbol(owner): [Circular],
          },
          "_host": "localhost",
          "_httpMessage": [Circular],
          "_maxListeners": undefined,
          "_parent": null,
          "_pendingData": null,
          "_pendingEncoding": "",
          "_readableState": ReadableState {
            "autoDestroy": false,
            "awaitDrain": 0,
            "buffer": BufferList {
              "head": null,
              "length": 0,
              "tail": null,
            },
            "decoder": null,
            "defaultEncoding": "utf8",
            "destroyed": false,
            "emitClose": false,
            "emittedReadable": false,
            "encoding": null,
            "endEmitted": false,
            "ended": false,
            "flowing": true,
            "highWaterMark": 16384,
            "length": 0,
            "needReadable": true,
            "objectMode": false,
            "paused": false,
            "pipes": null,
            "pipesCount": 0,
            "readableListening": false,
            "reading": true,
            "readingMore": false,
            "resumeScheduled": false,
            "sync": false,
          },
          "_server": null,
          "_sockname": null,
          "_writableState": WritableState {
            "autoDestroy": false,
            "bufferProcessing": false,
            "bufferedRequest": null,
            "bufferedRequestCount": 0,
            "corked": 0,
            "corkedRequestsFree": Object {
              "entry": null,
              "finish": [Function],
              "next": Object {
                "entry": null,
                "finish": [Function],
                "next": null,
              },
            },
            "decodeStrings": false,
            "defaultEncoding": "utf8",
            "destroyed": false,
            "emitClose": false,
            "ended": true,
            "ending": true,
            "errorEmitted": false,
            "finalCalled": true,
            "finished": false,
            "highWaterMark": 16384,
            "lastBufferedRequest": null,
            "length": 0,
            "needDrain": false,
            "objectMode": false,
            "onwrite": [Function],
            "pendingcb": 1,
            "prefinished": false,
            "sync": false,
            "writecb": null,
            "writelen": 0,
            "writing": false,
          },
          "allowHalfOpen": false,
          "connecting": false,
          "parser": null,
          "readable": true,
          "server": null,
          "writable": false,
          Symbol(asyncId): 40,
          Symbol(lastWriteQueueSize): 0,
          Symbol(timeout): null,
          Symbol(kBytesRead): 0,
          Symbol(kBytesWritten): 0,
        },
        "socketPath": undefined,
        "timeout": undefined,
        "timeoutCb": null,
        "upgradeOrConnect": false,
        "useChunkedEncodingByDefault": true,
        "writable": true,
        Symbol(isCorked): false,
        Symbol(outHeadersKey): Object {
          "accept": Array [
            "Accept",
            "application/json, text/plain, */*",
          ],
          "content-length": Array [
            "Content-Length",
            104,
          ],
          "content-type": Array [
            "Content-Type",
            "application/json;charset=utf-8",
          ],
          "host": Array [
            "Host",
            "localhost",
          ],
          "user-agent": Array [
            "User-Agent",
            "axios/0.19.0",
          ],
        },
      },
      "status": 400,
      "statusText": "Bad Request",
    },
    "type": "SIGNUP_ERROR",
  },
]
`;
