// Jest Snapshot v1, https://goo.gl/fbAQLP

exports[`InputForm Component Should render along with children componenet 1`] = `
<InputForm>
  <div>
    <Label>
      <label />
    </Label>
    <Input>
      <input
        className="forminput rounded py-2 bg-purple-150 undefined"
        required={true}
      />
    </Input>
  </div>
</InputForm>
`;

exports[`InputForm Component Should render without errors in debug mode 1`] = `
<div>
  <Label />
  <Input
    debug={true}
  />
</div>
`;
