// Jest Snapshot v1, https://goo.gl/fbAQLP

exports[`ListArticleStats Component Should render without errors 1`] = `
<Fragment>
  <div
    className="py-4 flex justify-center"
  >
    <table
      className="w-full text-xs bg-white shadow-md rounded mb-4 overflow-scroll"
    >
      <tbody>
        <tr
          className="border-b bg-gray-10"
        >
          <th
            className="text-left p-3 px-5"
          >
            Articles
          </th>
          <th
            className="text-center p-3 px-5"
          >
            Likes
          </th>
          <th
            className="text-center p-3 px-5"
          >
            Dislikes
          </th>
          <th
            className="text-center p-3 px-5"
          >
            Stars
          </th>
          <th
            className="text-center p-3 px-5"
          >
            Read
          </th>
          <th />
        </tr>
        <List />
      </tbody>
    </table>
  </div>
</Fragment>
`;
